--------------------------------------------------
CONJUNTOS MATEMÁTICOS
1 - Insere um elemento no conjunto desejado
2 - Remove um elemento do conjunto desejado
3 - Verifica se o elemento pertence aos conjuntos
4 - União entre conjuntos
5 - Intersecção entre conjuntos
0 - Finalizar Programa
--------------------------------------------------
Conjunto 1: {8 }
Conjunto 2: {}
Conjunto 3: {}
--------------------------------------------------
Conjunto 1: {7 8 }
Conjunto 2: {}
Conjunto 3: {}
--------------------------------------------------
Conjunto 1: {7 8 }
Conjunto 2: {2 }
Conjunto 3: {}
--------------------------------------------------
Conjunto 1: {7 8 }
Conjunto 2: {2 4 }
Conjunto 3: {}
--------------------------------------------------
Conjunto 1: {7 8 }
Conjunto 2: {2 4 7 }
Conjunto 3: {}
--------------------------------------------------
Conjunto 1: {7 8 }
Conjunto 2: {2 4 7 10 }
Conjunto 3: {}
--------------------------------------------------
Conjunto 1: {7 8 }
Conjunto 2: {2 4 7 10 14 }
Conjunto 3: {}
--------------------------------------------------
O elemento 7 pertence ao conjunto 1
O elemento 7 pertence ao conjunto 2
O elemento 7 NÃO pertence ao conjunto 3
--------------------------------------------------
Conjunto 1: {7 8 }
Conjunto 2: {2 4 10 14 }
Conjunto 3: {}
--------------------------------------------------
O elemento 7 pertence ao conjunto 1
O elemento 7 NÃO pertence ao conjunto 2
O elemento 7 NÃO pertence ao conjunto 3
--------------------------------------------------
União(1, 2): {2 4 7 8 10 14 }
--------------------------------------------------
Intersecção(1, 2): {}
--------------------------------------------------
Finalizando Programa
--------------------------------------------------
